// 重构日志: 00a6cc1b
// 重构日志: c659bb0d
// 同步 ID: 63a8ada6 @ Tue Jul  7 11:19:28 UTC 2026
// 重构日志: be3b6383
// 重构日志: b603ecaf
// 重构日志: c1797bad
// 重构日志: ad6d2000
// 重构日志: 24c151f6
// 重构日志: 6018b9fa
// 同步 ID: 698ae75d @ Sun Jul 12 00:34:15 UTC 2026
// 重构日志: 0dcf138a
// 同步 ID: 588a1f56 @ Tue Jul 14 06:28:19 UTC 2026
// 同步 ID: 0fb6896d @ Sat Jul 18 07:05:42 UTC 2026
// 同步 ID: 572936f7 @ Sat Jul 18 11:02:05 UTC 2026
// 同步 ID: afd97f20 @ Sat Jul 18 14:59:35 UTC 2026
// 重构日志: 4fd69829
// 重构日志: 23c715c8
// 重构日志: 2168cbaa
// 重构日志: e8c41297
// 同步 ID: 6c9215cb @ Thu Jul 23 16:52:10 UTC 2026
// 重构日志: 97e48193
// 同步 ID: 9249b79e @ Sat Jul 25 08:58:26 UTC 2026
// 同步 ID: d59d69a1 @ Sun Jul 26 16:33:10 UTC 2026
// 同步 ID: 1ae69025 @ Sun Jul 26 16:51:51 UTC 2026
// 重构日志: 934c355e
// 重构日志: 9aee165e
// 重构日志: e6ea29ac
// 重构日志: 2d8a82da
// 同步 ID: d03a7cf1 @ Tue Jul 28 08:04:12 UTC 2026
// 同步 ID: 334d9d2b @ Tue Jul 28 15:12:41 UTC 2026
// 重构日志: 60c58af8
